Running on host: arctrddgxa003
Job ID: 3726674
SLURM_GPUS_ON_NODE: 4
[parent] n_gpus(SLURM_GPUS_ON_NODE)=4  cuda.device_count()=4  passed_seed=3294  TOP_SEED=5764  N=10  BATCH=2

=== Stage 5: per-seed DDP data via DBBatchSampler (N=10, batch=2, world_size=4) ===

seed source = passed
  seed per rank : {0: 3294, 1: 3294, 2: 3294, 3: 3294}
  rank 0 data : [0, 2, 4, 5]
  rank 1 data : [0, 3, 4, 6]
  rank 2 data : [3, 6, 8, 9]
  rank 3 data : [1, 7, 8, 9]
  UNION         : [0, 1, 2, 3, 4, 5, 6, 7, 8, 9]  (10/10)
  MISSING       : []   [OK - full coverage]

seed source = @prop
  seed per rank : {0: 4207941494, 1: 2932872914, 2: 2054038365, 3: 3001636555}
  rank 0 data : [0, 6, 8, 9]
  rank 1 data : [1, 3, 5, 6]
  rank 2 data : [0, 5, 7, 9]
  rank 3 data : [4, 5, 6, 9]
  UNION         : [0, 1, 3, 4, 5, 6, 7, 8, 9]  (9/10)
  MISSING       : [2]   [1 MISSING]

seed source = module
  seed per rank : {0: 1788, 1: 1451, 2: 511, 3: 384}
  rank 0 data : [2, 3, 5, 9]
  rank 1 data : [2, 3, 4, 8]
  rank 2 data : [0, 2, 6, 7]
  rank 3 data : [1, 4, 7, 8]
  UNION         : [0, 1, 2, 3, 4, 5, 6, 7, 8, 9]  (10/10)
  MISSING       : []   [OK - full coverage]
