Running on host: arctrddgxa002
Job ID: 3726673
SLURM_GPUS_ON_NODE: 2
[parent] n_gpus(SLURM_GPUS_ON_NODE)=2  cuda.device_count()=2  passed_seed=9300  TOP_SEED=1239  N=10  BATCH=2

=== Stage 5: per-seed DDP data via DBBatchSampler (N=10, batch=2, world_size=2) ===

seed source = passed
  seed per rank : {0: 9300, 1: 9300}
  rank 0 data : [2, 3, 4, 5, 6, 7]
  rank 1 data : [0, 1, 2, 7, 8, 9]
  UNION         : [0, 1, 2, 3, 4, 5, 6, 7, 8, 9]  (10/10)
  MISSING       : []   [OK - full coverage]

seed source = @prop
  seed per rank : {0: 2430487560, 1: 4079708078}
  rank 0 data : [1, 3, 5, 6, 8, 9]
  rank 1 data : [0, 1, 3, 4, 5, 9]
  UNION         : [0, 1, 3, 4, 5, 6, 8, 9]  (8/10)
  MISSING       : [2, 7]   [2 MISSING]

seed source = module
  seed per rank : {0: 7357, 1: 2047}
  rank 0 data : [0, 4, 5, 7, 8, 9]
  rank 1 data : [0, 1, 2, 4, 6, 8]
  UNION         : [0, 1, 2, 4, 5, 6, 7, 8, 9]  (9/10)
  MISSING       : [3]   [1 MISSING]
